
Allocating common symbols
Common symbol       size              file

page_table          0x4000            mmu.o
memory_map          0x8000            memory.o
pwm                 0x4               nyan.o
gpio                0x4               nyan.o
clock               0x4               nyan.o

Memory Configuration

Name             Origin             Length             Attributes
*default*        0x0000000000000000 0xffffffffffffffff

Linker script and memory map

                0x0000000000008000                . = 0x8000
                0x0000000000008000                __start = .
                0x0000000000008000                __text_start = .

.text           0x0000000000008000     0x25f0
 *(.text.boot)
 .text.boot     0x0000000000008000       0xd0 boot.o
                0x0000000000008000                _start
 *(.text)
 .text          0x00000000000080d0      0x234 kernel_main.o
                0x00000000000080d0                kernel_main
 .text          0x0000000000008304      0x4ec atags.o
                0x0000000000008418                atags_dump
                0x0000000000008600                atags_detect
 .text          0x00000000000087f0        0x0 boot.o
 .text          0x00000000000087f0      0x104 interrupts.o
                0x00000000000087f0                interrupt_handler
                0x0000000000008890                undefined_handler
                0x00000000000088a4                prefetch_handler
                0x00000000000088b8                data_handler
                0x00000000000088cc                fiq_handler
                0x00000000000088e0                reset_error
 .text          0x00000000000088f4       0x70 console_io.o
                0x00000000000088f4                console_write
                0x0000000000008914                console_read
 .text          0x0000000000008964      0x2e0 framebuffer.o
                0x00000000000089c0                framebuffer_ready
                0x00000000000089d0                framebuffer_init
                0x0000000000008ac8                framebuffer_hline
                0x0000000000008b44                framebuffer_vline
                0x0000000000008bb4                framebuffer_clear_screen
                0x0000000000008c00                framebuffer_putpixel
                0x0000000000008c3c                framebuffer_gradient
 .text          0x0000000000008c44      0x414 framebuffer_console.o
                0x0000000000008c44                framebuffer_console_setfont
                0x0000000000008c80                framebuffer_console_clear
                0x0000000000008cd8                framebuffer_console_home
                0x0000000000008cf0                framebuffer_console_init
                0x0000000000008d10                framebuffer_console_push
                0x0000000000008d28                framebuffer_console_write
                0x0000000000009020                framebuffer_console_val
                0x0000000000009050                framebuffer_console_putchar
 .text          0x0000000000009058      0x3bc gpio.o
                0x0000000000009058                gpio_request
                0x000000000000910c                gpio_free
                0x0000000000009178                gpio_direction_input
                0x00000000000091e8                gpio_direction_output
                0x0000000000009258                gpio_to_irq
                0x0000000000009260                gpio_get_value
                0x00000000000092c0                gpio_set_value
                0x0000000000009358                gpio_set_falling
                0x00000000000093b8                gpio_clear_interrupt
 .text          0x0000000000009414       0xa8 led.o
                0x0000000000009414                led_init
                0x0000000000009470                led_on
                0x0000000000009498                led_off
 .text          0x00000000000094bc      0x148 mailbox.o
                0x00000000000094bc                mailbox_write
                0x0000000000009564                mailbox_read
 .text          0x0000000000009604      0x1bc memory.o
                0x0000000000009604                memory_init
                0x00000000000096b8                memory_allocate
 .text          0x00000000000097c0      0x178 mmu.o
                0x00000000000097c0                enable_mmu
                0x0000000000009848                enable_l1_dcache
                0x0000000000009858                disable_l1_dcache
                0x000000000000985c                enable_l1_icache
                0x000000000000986c                disable_l1_icache
                0x000000000000987c                enable_branch_predictor
                0x000000000000988c                disable_branch_predictor
                0x000000000000989c                l1_cache_detect
 .text          0x0000000000009938      0x178 printk.o
                0x0000000000009938                printk
 .text          0x0000000000009ab0      0x1a4 serial.o
                0x0000000000009ab0                uart_init
                0x0000000000009b50                uart_putc
                0x0000000000009b74                uart_getc
                0x0000000000009bb8                uart_getc_noblock
                0x0000000000009be8                uart_write
 .text          0x0000000000009c54      0x390 string.o
                0x0000000000009c54                strncmp
                0x0000000000009cb4                memcmp
                0x0000000000009d14                memcpy
                0x0000000000009d3c                strncpy
                0x0000000000009d94                strlen
                0x0000000000009dc4                memset
                0x0000000000009de8                memset32
                0x0000000000009e74                asm_memset
                0x0000000000009f14                test_memset
 .text          0x0000000000009fe4       0x10 swi_handler.o
                0x0000000000009fe4                swi_handler
 .text          0x0000000000009ff4      0x128 syscalls.o
                0x0000000000009ff4                swi_handler_c
 .text          0x000000000000a11c       0x58 timer.o
                0x000000000000a11c                timer_init
                0x000000000000a164                ticks_since_boot
 .text          0x000000000000a174      0x16c ./user/shell.o
                0x000000000000a174                shell
 .text          0x000000000000a2e0      0x220 ./user/vlibc.o
                0x000000000000a2e0                write
                0x000000000000a2fc                putchar
                0x000000000000a330                getchar
                0x000000000000a364                printf
 .text          0x000000000000a500       0xf0 nyan.o
                0x000000000000a500                nyan_init
                0x000000000000a58c                nyan_sing

.glue_7         0x000000000000a5f0        0x0
 .glue_7        0x0000000000000000        0x0 linker stubs

.glue_7t        0x000000000000a5f0        0x0
 .glue_7t       0x0000000000000000        0x0 linker stubs

.vfp11_veneer   0x000000000000a5f0        0x0
 .vfp11_veneer  0x0000000000000000        0x0 linker stubs

.v4_bx          0x000000000000a5f0        0x0
 .v4_bx         0x0000000000000000        0x0 linker stubs

.iplt           0x000000000000a5f0        0x0
 .iplt          0x0000000000000000        0x0 kernel_main.o
                0x000000000000b000                . = ALIGN (0x1000)
                0x000000000000b000                __text_end = .
                0x000000000000b000                __rodata_start = .

.rodata         0x000000000000b000       0x20
 *(.rodata)
 .rodata        0x000000000000b000       0x20 mmu.o

.rodata.str1.4  0x000000000000b020      0x9d4
 .rodata.str1.4
                0x000000000000b020      0x1c1 kernel_main.o
                                        0x1c8 (size before relaxing)
 *fill*         0x000000000000b1e1        0x3 
 .rodata.str1.4
                0x000000000000b1e4      0x1fd atags.o
                                        0x204 (size before relaxing)
 *fill*         0x000000000000b3e1        0x3 
 .rodata.str1.4
                0x000000000000b3e4       0x76 interrupts.o
                                         0x78 (size before relaxing)
 *fill*         0x000000000000b45a        0x2 
 .rodata.str1.4
                0x000000000000b45c       0xb5 framebuffer.o
                                         0xb8 (size before relaxing)
 *fill*         0x000000000000b511        0x3 
 .rodata.str1.4
                0x000000000000b514       0x14 framebuffer_console.o
 .rodata.str1.4
                0x000000000000b528       0x7b gpio.o
                                         0x7c (size before relaxing)
 *fill*         0x000000000000b5a3        0x1 
 .rodata.str1.4
                0x000000000000b5a4       0x2a led.o
                                         0x2c (size before relaxing)
 *fill*         0x000000000000b5ce        0x2 
 .rodata.str1.4
                0x000000000000b5d0      0x11d mailbox.o
                                        0x120 (size before relaxing)
 *fill*         0x000000000000b6ed        0x3 
 .rodata.str1.4
                0x000000000000b6f0       0x92 memory.o
                                         0x94 (size before relaxing)
 *fill*         0x000000000000b782        0x2 
 .rodata.str1.4
                0x000000000000b784       0x95 mmu.o
                                         0x98 (size before relaxing)
 *fill*         0x000000000000b819        0x3 
 .rodata.str1.4
                0x000000000000b81c       0x27 serial.o
                                         0x28 (size before relaxing)
 *fill*         0x000000000000b843        0x1 
 .rodata.str1.4
                0x000000000000b844       0x6d string.o
                                         0x70 (size before relaxing)
 *fill*         0x000000000000b8b1        0x3 
 .rodata.str1.4
                0x000000000000b8b4       0x8c syscalls.o
 .rodata.str1.4
                0x000000000000b940       0x98 ./user/shell.o
                                         0xa0 (size before relaxing)
 .rodata.str1.4
                0x000000000000b9d8       0x1c nyan.o

.rel.dyn        0x000000000000b9f4        0x0
 .rel.iplt      0x0000000000000000        0x0 kernel_main.o
                0x000000000000c000                . = ALIGN (0x1000)
                0x000000000000c000                __rodata_end = .
                0x000000000000c000                __data_start = .

.data           0x000000000000c000   0x2f0b64
 *(.data)
 .data          0x000000000000c000        0x4 kernel_main.o
                0x000000000000c000                hardware_type
 .data          0x000000000000c004        0x0 atags.o
 .data          0x000000000000c004        0x0 boot.o
 .data          0x000000000000c004        0x4 interrupts.o
                0x000000000000c004                blinking_enabled
 .data          0x000000000000c008        0x0 console_io.o
 .data          0x000000000000c008        0x0 framebuffer.o
 .data          0x000000000000c008     0x100c framebuffer_console.o
                0x000000000000c00c                default_font
 .data          0x000000000000d014        0x0 gpio.o
 .data          0x000000000000d014        0x8 led.o
 .data          0x000000000000d01c        0x0 mailbox.o
 .data          0x000000000000d01c        0x0 memory.o
 .data          0x000000000000d01c        0x0 mmu.o
 .data          0x000000000000d01c        0x0 printk.o
 .data          0x000000000000d01c        0x0 serial.o
 .data          0x000000000000d01c        0x0 string.o
 .data          0x000000000000d01c        0x0 swi_handler.o
 .data          0x000000000000d01c        0x0 syscalls.o
 .data          0x000000000000d01c        0x0 timer.o
 .data          0x000000000000d01c        0x0 ./user/shell.o
 .data          0x000000000000d01c        0x0 ./user/vlibc.o
 .data          0x000000000000d01c   0x177da4 nyan.o
                0x000000000000d01c                song
 .data          0x0000000000184dc0   0x177da4 Sample.o
                0x0000000000184dc0                _binary_Sample_bin_start
                0x00000000002fcb64                _binary_Sample_bin_end

.igot.plt       0x00000000002fcb64        0x0
 .igot.plt      0x0000000000000000        0x0 kernel_main.o
                0x00000000002fd000                . = ALIGN (0x1000)
                0x00000000002fd000                __data_end = .
                0x00000000002fd000                __bss_start = .

.bss            0x0000000000300000    0x1000c
                0x0000000000300000                bss = .
 *(.bss)
 .bss           0x0000000000300000        0x0 kernel_main.o
 .bss           0x0000000000300000        0x0 atags.o
 .bss           0x0000000000300000        0x0 boot.o
 .bss           0x0000000000300000        0x4 interrupts.o
 .bss           0x0000000000300004        0x0 console_io.o
 *fill*         0x0000000000300004        0xc 
 .bss           0x0000000000300010       0x60 framebuffer.o
 .bss           0x0000000000300070     0x15ec framebuffer_console.o
 *fill*         0x000000000030165c        0x4 
 .bss           0x0000000000301660        0x8 gpio.o
 .bss           0x0000000000301668        0x0 led.o
 .bss           0x0000000000301668        0x0 mailbox.o
 .bss           0x0000000000301668        0x4 memory.o
 .bss           0x000000000030166c        0x0 mmu.o
 .bss           0x000000000030166c        0x0 printk.o
 .bss           0x000000000030166c        0x0 serial.o
 .bss           0x000000000030166c        0x0 string.o
 .bss           0x000000000030166c        0x0 swi_handler.o
 .bss           0x000000000030166c        0x0 syscalls.o
 .bss           0x000000000030166c        0x4 timer.o
                0x000000000030166c                tick_counter
 .bss           0x0000000000301670        0x0 ./user/shell.o
 .bss           0x0000000000301670        0x0 ./user/vlibc.o
 .bss           0x0000000000301670        0x0 nyan.o
 COMMON         0x0000000000301670     0x8000 memory.o
                0x0000000000301670                memory_map
 *fill*         0x0000000000309670     0x2990 
 COMMON         0x000000000030c000     0x4000 mmu.o
                0x000000000030c000                page_table
 COMMON         0x0000000000310000        0xc nyan.o
                0x0000000000310000                pwm
                0x0000000000310004                gpio
                0x0000000000310008                clock
                0x0000000000311000                . = ALIGN (0x1000)
                0x0000000000311000                __bss_end = .
                0x0000000000311000                __end = .
LOAD kernel_main.o
LOAD atags.o
LOAD boot.o
LOAD interrupts.o
LOAD console_io.o
LOAD framebuffer.o
LOAD framebuffer_console.o
LOAD gpio.o
LOAD led.o
LOAD mailbox.o
LOAD memory.o
LOAD mmu.o
LOAD printk.o
LOAD serial.o
LOAD string.o
LOAD swi_handler.o
LOAD syscalls.o
LOAD timer.o
LOAD ./user/shell.o
LOAD ./user/vlibc.o
LOAD nyan.o
LOAD Sample.o
OUTPUT(kernel.elf elf32-littlearm)

.comment        0x0000000000000000       0x1f
 .comment       0x0000000000000000       0x1f kernel_main.o
                                         0x20 (size before relaxing)
 .comment       0x0000000000000000       0x20 atags.o
 .comment       0x0000000000000000       0x20 interrupts.o
 .comment       0x0000000000000000       0x20 console_io.o
 .comment       0x0000000000000000       0x20 framebuffer.o
 .comment       0x0000000000000000       0x20 framebuffer_console.o
 .comment       0x0000000000000000       0x20 gpio.o
 .comment       0x0000000000000000       0x20 led.o
 .comment       0x0000000000000000       0x20 mailbox.o
 .comment       0x0000000000000000       0x20 memory.o
 .comment       0x0000000000000000       0x20 mmu.o
 .comment       0x0000000000000000       0x20 printk.o
 .comment       0x0000000000000000       0x20 serial.o
 .comment       0x0000000000000000       0x20 string.o
 .comment       0x0000000000000000       0x20 syscalls.o
 .comment       0x0000000000000000       0x20 timer.o
 .comment       0x0000000000000000       0x20 ./user/shell.o
 .comment       0x0000000000000000       0x20 ./user/vlibc.o
 .comment       0x0000000000000000       0x20 nyan.o

.ARM.attributes
                0x0000000000000000       0x36
 .ARM.attributes
                0x0000000000000000       0x38 kernel_main.o
 .ARM.attributes
                0x0000000000000038       0x38 atags.o
 .ARM.attributes
                0x0000000000000070       0x26 boot.o
 .ARM.attributes
                0x0000000000000096       0x38 interrupts.o
 .ARM.attributes
                0x00000000000000ce       0x38 console_io.o
 .ARM.attributes
                0x0000000000000106       0x38 framebuffer.o
 .ARM.attributes
                0x000000000000013e       0x38 framebuffer_console.o
 .ARM.attributes
                0x0000000000000176       0x38 gpio.o
 .ARM.attributes
                0x00000000000001ae       0x38 led.o
 .ARM.attributes
                0x00000000000001e6       0x38 mailbox.o
 .ARM.attributes
                0x000000000000021e       0x38 memory.o
 .ARM.attributes
                0x0000000000000256       0x38 mmu.o
 .ARM.attributes
                0x000000000000028e       0x38 printk.o
 .ARM.attributes
                0x00000000000002c6       0x38 serial.o
 .ARM.attributes
                0x00000000000002fe       0x38 string.o
 .ARM.attributes
                0x0000000000000336       0x26 swi_handler.o
 .ARM.attributes
                0x000000000000035c       0x38 syscalls.o
 .ARM.attributes
                0x0000000000000394       0x38 timer.o
 .ARM.attributes
                0x00000000000003cc       0x38 ./user/shell.o
 .ARM.attributes
                0x0000000000000404       0x38 ./user/vlibc.o
 .ARM.attributes
                0x000000000000043c       0x38 nyan.o
