
Memory Configuration

Name             Origin             Length             Attributes
*default*        0x0000000000000000 0xffffffffffffffff

Linker script and memory map

                0x0000000000008000                . = 0x8000
                0x0000000000008000                __start = .
                0x0000000000008000                __text_start = .

.text           0x0000000000008000     0x10c4
 *(.text.boot)
 .text.boot     0x0000000000008000       0xac boot.o
                0x0000000000008000                _start
 *(.text)
 .text          0x00000000000080ac      0x150 kernel_main.o
                0x00000000000080ac                kernel_main
 .text          0x00000000000081fc      0x4ec atags.o
                0x0000000000008310                atags_dump
                0x00000000000084f8                atags_detect
 .text          0x00000000000086e8        0x0 boot.o
 .text          0x00000000000086e8       0x70 interrupts.o
                0x00000000000086e8                interrupt_handler
 .text          0x0000000000008758        0x4 console_io.o
                0x0000000000008758                console_write
 .text          0x000000000000875c      0x3bc gpio.o
                0x000000000000875c                gpio_request
                0x0000000000008810                gpio_free
                0x000000000000887c                gpio_direction_input
                0x00000000000088ec                gpio_direction_output
                0x000000000000895c                gpio_to_irq
                0x0000000000008964                gpio_get_value
                0x00000000000089c4                gpio_set_value
                0x0000000000008a5c                gpio_set_falling
                0x0000000000008abc                gpio_clear_interrupt
 .text          0x0000000000008b18       0xa8 led.o
                0x0000000000008b18                led_init
                0x0000000000008b74                led_on
                0x0000000000008b9c                led_off
 .text          0x0000000000008bc0      0x198 printk.o
                0x0000000000008bc0                printk
 .text          0x0000000000008d58      0x158 serial.o
                0x0000000000008d58                uart_init
                0x0000000000008df8                uart_putc
                0x0000000000008e1c                uart_getc
                0x0000000000008e44                uart_write
 .text          0x0000000000008eb0       0x10 shell.o
                0x0000000000008eb0                shell
 .text          0x0000000000008ec0      0x1b8 string.o
                0x0000000000008ec0                strncmp
                0x0000000000008f20                memcmp
                0x0000000000008f80                memcpy
                0x0000000000008fa8                strncpy
                0x0000000000009000                strlen
                0x0000000000009030                memset
                0x0000000000009054                memset32
 .text          0x0000000000009078       0x4c timer.o
                0x0000000000009078                timer_init

.glue_7         0x00000000000090c4        0x0
 .glue_7        0x0000000000000000        0x0 linker stubs

.glue_7t        0x00000000000090c4        0x0
 .glue_7t       0x0000000000000000        0x0 linker stubs

.vfp11_veneer   0x00000000000090c4        0x0
 .vfp11_veneer  0x0000000000000000        0x0 linker stubs

.v4_bx          0x00000000000090c4        0x0
 .v4_bx         0x0000000000000000        0x0 linker stubs

.iplt           0x00000000000090c4        0x0
 .iplt          0x0000000000000000        0x0 kernel_main.o
                0x000000000000a000                . = ALIGN (0x1000)
                0x000000000000a000                __text_end = .
                0x000000000000a000                __rodata_start = .

.rodata
 *(.rodata)

.rodata.str1.4  0x000000000000a000      0x358
 .rodata.str1.4
                0x000000000000a000       0xb3 kernel_main.o
                                         0xb8 (size before relaxing)
 *fill*         0x000000000000a0b3        0x1 
 .rodata.str1.4
                0x000000000000a0b4      0x1e8 atags.o
                                        0x1ec (size before relaxing)
 .rodata.str1.4
                0x000000000000a29c       0x13 interrupts.o
                                         0x14 (size before relaxing)
 *fill*         0x000000000000a2af        0x1 
 .rodata.str1.4
                0x000000000000a2b0       0x7b gpio.o
                                         0x7c (size before relaxing)
 *fill*         0x000000000000a32b        0x1 
 .rodata.str1.4
                0x000000000000a32c       0x2c led.o

.rel.dyn        0x000000000000a358        0x0
 .rel.iplt      0x0000000000000000        0x0 kernel_main.o
                0x000000000000b000                . = ALIGN (0x1000)
                0x000000000000b000                __rodata_end = .
                0x000000000000b000                __data_start = .

.data           0x000000000000b000        0xc
 *(.data)
 .data          0x000000000000b000        0x4 kernel_main.o
                0x000000000000b000                hardware_type
 .data          0x000000000000b004        0x0 atags.o
 .data          0x000000000000b004        0x0 boot.o
 .data          0x000000000000b004        0x0 interrupts.o
 .data          0x000000000000b004        0x0 console_io.o
 .data          0x000000000000b004        0x0 gpio.o
 .data          0x000000000000b004        0x8 led.o
 .data          0x000000000000b00c        0x0 printk.o
 .data          0x000000000000b00c        0x0 serial.o
 .data          0x000000000000b00c        0x0 shell.o
 .data          0x000000000000b00c        0x0 string.o
 .data          0x000000000000b00c        0x0 timer.o

.igot.plt       0x000000000000b00c        0x0
 .igot.plt      0x0000000000000000        0x0 kernel_main.o
                0x000000000000c000                . = ALIGN (0x1000)
                0x000000000000c000                __data_end = .
                0x000000000000c000                __bss_start = .

.bss            0x000000000000c000       0x10
                0x000000000000c000                bss = .
 *(.bss)
 .bss           0x000000000000c000        0x0 kernel_main.o
 .bss           0x000000000000c000        0x0 atags.o
 .bss           0x000000000000c000        0x0 boot.o
 .bss           0x000000000000c000        0x4 interrupts.o
 .bss           0x000000000000c004        0x0 console_io.o
 *fill*         0x000000000000c004        0x4 
 .bss           0x000000000000c008        0x8 gpio.o
 .bss           0x000000000000c010        0x0 led.o
 .bss           0x000000000000c010        0x0 printk.o
 .bss           0x000000000000c010        0x0 serial.o
 .bss           0x000000000000c010        0x0 shell.o
 .bss           0x000000000000c010        0x0 string.o
 .bss           0x000000000000c010        0x0 timer.o
                0x000000000000d000                . = ALIGN (0x1000)
                0x000000000000d000                __bss_end = .
                0x000000000000d000                __end = .
LOAD kernel_main.o
LOAD atags.o
LOAD boot.o
LOAD interrupts.o
LOAD console_io.o
LOAD gpio.o
LOAD led.o
LOAD printk.o
LOAD serial.o
LOAD shell.o
LOAD string.o
LOAD timer.o
OUTPUT(kernel.elf elf32-littlearm)

.comment        0x0000000000000000       0x1f
 .comment       0x0000000000000000       0x1f kernel_main.o
                                         0x20 (size before relaxing)
 .comment       0x0000000000000000       0x20 atags.o
 .comment       0x0000000000000000       0x20 interrupts.o
 .comment       0x0000000000000000       0x20 console_io.o
 .comment       0x0000000000000000       0x20 gpio.o
 .comment       0x0000000000000000       0x20 led.o
 .comment       0x0000000000000000       0x20 printk.o
 .comment       0x0000000000000000       0x20 serial.o
 .comment       0x0000000000000000       0x20 shell.o
 .comment       0x0000000000000000       0x20 string.o
 .comment       0x0000000000000000       0x20 timer.o

.ARM.attributes
                0x0000000000000000       0x36
 .ARM.attributes
                0x0000000000000000       0x38 kernel_main.o
 .ARM.attributes
                0x0000000000000038       0x38 atags.o
 .ARM.attributes
                0x0000000000000070       0x26 boot.o
 .ARM.attributes
                0x0000000000000096       0x38 interrupts.o
 .ARM.attributes
                0x00000000000000ce       0x38 console_io.o
 .ARM.attributes
                0x0000000000000106       0x38 gpio.o
 .ARM.attributes
                0x000000000000013e       0x38 led.o
 .ARM.attributes
                0x0000000000000176       0x38 printk.o
 .ARM.attributes
                0x00000000000001ae       0x38 serial.o
 .ARM.attributes
                0x00000000000001e6       0x38 shell.o
 .ARM.attributes
                0x000000000000021e       0x38 string.o
 .ARM.attributes
                0x0000000000000256       0x38 timer.o
