
Memory Configuration

Name             Origin             Length             Attributes
*default*        0x0000000000000000 0xffffffffffffffff

Linker script and memory map

LOAD blink_c.o
LOAD boot.o
                0x0000000000008000                . = 0x8000
                0x0000000000008000                __start = .
                0x0000000000008000                __text_start = .

.text           0x0000000000008000       0xc8
 *(.text.boot)
 .text.boot     0x0000000000008000       0x3c boot.o
                0x0000000000008000                _start
 *(.text)
 .text          0x000000000000803c       0x8c blink_c.o
                0x000000000000803c                main
                0x0000000000008090                delay
                0x00000000000100c8                _edata
 .text          0x00000000000080c8        0x0 boot.o

.glue_7         0x00000000000080c8        0x0
 .glue_7        0x0000000000000000        0x0 linker stubs

.glue_7t        0x00000000000080c8        0x0
 .glue_7t       0x0000000000000000        0x0 linker stubs

.vfp11_veneer   0x00000000000080c8        0x0
 .vfp11_veneer  0x0000000000000000        0x0 linker stubs

.v4_bx          0x00000000000080c8        0x0
 .v4_bx         0x0000000000000000        0x0 linker stubs

.iplt           0x00000000000080c8        0x0
 .iplt          0x0000000000000000        0x0 boot.o

.rel.dyn        0x00000000000080c8        0x0
 .rel.iplt      0x0000000000000000        0x0 boot.o
                0x0000000000009000                . = ALIGN (0x1000)
                0x0000000000009000                __text_end = .
                0x0000000000009000                __rodata_start = .

.rodata
 *(.rodata)
                0x0000000000009000                . = ALIGN (0x1000)
                0x0000000000009000                __rodata_end = .
                0x0000000000009000                __data_start = .

.data           0x0000000000009000        0x0
 *(.data)
 .data          0x0000000000009000        0x0 boot.o

.igot.plt       0x0000000000009000        0x0
 .igot.plt      0x0000000000000000        0x0 boot.o
                0x0000000000009000                . = ALIGN (0x1000)
                0x0000000000009000                __data_end = .
                0x0000000000009000                __bss_start = .

.bss            0x0000000000009000        0x4
                0x0000000000009000                bss = .
 *(.bss)
 .bss           0x0000000000009000        0x4 blink_c.o
                0x0000000000009000                __bss_start__
                0x0000000000009000                gpio
                0x0000000000009004                _bss_end__
                0x0000000000009004                __bss_end__
                0x0000000000009004                __end__
                0x0000000000009004                _end
 .bss           0x0000000000009004        0x0 boot.o
                0x000000000000a000                . = ALIGN (0x1000)
                0x000000000000a000                __bss_end = .
                0x000000000000a000                __end = .
OUTPUT(blink_c.elf elf32-littlearm)

.comment        0x0000000000000000       0x1f
 .comment       0x0000000000000000       0x1f blink_c.o

.ARM.attributes
                0x0000000000000000       0x36
 .ARM.attributes
                0x0000000000000000       0x38 blink_c.o
                0x0000000000080000                _stack
 .ARM.attributes
                0x0000000000000038       0x26 boot.o
