
Memory Configuration

Name             Origin             Length             Attributes
*default*        0x0000000000000000 0xffffffffffffffff

Linker script and memory map

                0x0000000000008000                . = 0x8000
                0x0000000000008000                __start = .
                0x0000000000008000                __text_start = .

.text           0x0000000000008000     0x16f0
 *(.text.boot)
 .text.boot     0x0000000000008000       0xcc boot.o
                0x0000000000008000                _start
 *(.text)
 .text          0x00000000000080cc      0x1a4 kernel_main.o
                0x00000000000080cc                kernel_main
 .text          0x0000000000008270      0x4ec atags.o
                0x0000000000008384                atags_dump
                0x000000000000856c                atags_detect
 .text          0x000000000000875c        0x0 boot.o
 .text          0x000000000000875c       0xfc interrupts.o
                0x000000000000875c                interrupt_handler
                0x00000000000087f4                undefined_handler
                0x0000000000008808                prefetch_handler
                0x000000000000881c                data_handler
                0x0000000000008830                fiq_handler
                0x0000000000008844                reset_error
 .text          0x0000000000008858       0x54 console_io.o
                0x0000000000008858                console_write
                0x000000000000885c                console_read
 .text          0x00000000000088ac      0x3bc gpio.o
                0x00000000000088ac                gpio_request
                0x0000000000008960                gpio_free
                0x00000000000089cc                gpio_direction_input
                0x0000000000008a3c                gpio_direction_output
                0x0000000000008aac                gpio_to_irq
                0x0000000000008ab4                gpio_get_value
                0x0000000000008b14                gpio_set_value
                0x0000000000008bac                gpio_set_falling
                0x0000000000008c0c                gpio_clear_interrupt
 .text          0x0000000000008c68       0xa8 led.o
                0x0000000000008c68                led_init
                0x0000000000008cc4                led_on
                0x0000000000008cec                led_off
 .text          0x0000000000008d10      0x198 printk.o
                0x0000000000008d10                printk
 .text          0x0000000000008ea8      0x188 serial.o
                0x0000000000008ea8                uart_init
                0x0000000000008f48                uart_putc
                0x0000000000008f6c                uart_getc
                0x0000000000008f94                uart_getc_noblock
                0x0000000000008fc4                uart_write
 .text          0x0000000000009030      0x1b8 string.o
                0x0000000000009030                strncmp
                0x0000000000009090                memcmp
                0x00000000000090f0                memcpy
                0x0000000000009118                strncpy
                0x0000000000009170                strlen
                0x00000000000091a0                memset
                0x00000000000091c4                memset32
 .text          0x00000000000091e8       0xe8 syscalls.o
                0x00000000000091e8                swi_handler
 .text          0x00000000000092d0       0x48 timer.o
                0x00000000000092d0                timer_init
 .text          0x0000000000009318      0x198 ./user/shell.o
                0x0000000000009318                shell
                0x00000000000094a4                print_err
 .text          0x00000000000094b0      0x240 ./user/vlibc.o
                0x00000000000094b0                write
                0x00000000000094cc                putchar
                0x0000000000009500                getchar
                0x0000000000009534                printf
                0x00000000000096d0                nyan

.glue_7         0x00000000000096f0        0x0
 .glue_7        0x0000000000000000        0x0 linker stubs

.glue_7t        0x00000000000096f0        0x0
 .glue_7t       0x0000000000000000        0x0 linker stubs

.vfp11_veneer   0x00000000000096f0        0x0
 .vfp11_veneer  0x0000000000000000        0x0 linker stubs

.v4_bx          0x00000000000096f0        0x0
 .v4_bx         0x0000000000000000        0x0 linker stubs

.iplt           0x00000000000096f0        0x0
 .iplt          0x0000000000000000        0x0 kernel_main.o
                0x000000000000a000                . = ALIGN (0x1000)
                0x000000000000a000                __text_end = .
                0x000000000000a000                __rodata_start = .

.rodata
 *(.rodata)

.rodata.str1.4  0x000000000000a000      0x694
 .rodata.str1.4
                0x000000000000a000      0x274 kernel_main.o
                                        0x278 (size before relaxing)
 .rodata.str1.4
                0x000000000000a274      0x1fd atags.o
                                        0x204 (size before relaxing)
 *fill*         0x000000000000a471        0x3 
 .rodata.str1.4
                0x000000000000a474       0x76 interrupts.o
                                         0x78 (size before relaxing)
 *fill*         0x000000000000a4ea        0x2 
 .rodata.str1.4
                0x000000000000a4ec       0x7b gpio.o
                                         0x7c (size before relaxing)
 *fill*         0x000000000000a567        0x1 
 .rodata.str1.4
                0x000000000000a568       0x2a led.o
                                         0x2c (size before relaxing)
 *fill*         0x000000000000a592        0x2 
 .rodata.str1.4
                0x000000000000a594       0x68 syscalls.o
 .rodata.str1.4
                0x000000000000a5fc       0x98 ./user/shell.o
 .rodata.str1.4
                0x0000000000000000      0x1ac ./user/vlibc.o

.rel.dyn        0x000000000000a694        0x0
 .rel.iplt      0x0000000000000000        0x0 kernel_main.o
                0x000000000000b000                . = ALIGN (0x1000)
                0x000000000000b000                __rodata_end = .
                0x000000000000b000                __data_start = .

.data           0x000000000000b000       0x10
 *(.data)
 .data          0x000000000000b000        0x4 kernel_main.o
                0x000000000000b000                hardware_type
 .data          0x000000000000b004        0x0 atags.o
 .data          0x000000000000b004        0x0 boot.o
 .data          0x000000000000b004        0x4 interrupts.o
                0x000000000000b004                blinking_enabled
 .data          0x000000000000b008        0x0 console_io.o
 .data          0x000000000000b008        0x0 gpio.o
 .data          0x000000000000b008        0x8 led.o
 .data          0x000000000000b010        0x0 printk.o
 .data          0x000000000000b010        0x0 serial.o
 .data          0x000000000000b010        0x0 string.o
 .data          0x000000000000b010        0x0 syscalls.o
 .data          0x000000000000b010        0x0 timer.o
 .data          0x000000000000b010        0x0 ./user/shell.o
 .data          0x000000000000b010        0x0 ./user/vlibc.o

.igot.plt       0x000000000000b010        0x0
 .igot.plt      0x0000000000000000        0x0 kernel_main.o
                0x000000000000c000                . = ALIGN (0x1000)
                0x000000000000c000                __data_end = .
                0x000000000000c000                __bss_start = .

.bss            0x000000000000c000       0x14
                0x000000000000c000                bss = .
 *(.bss)
 .bss           0x000000000000c000        0x0 kernel_main.o
 .bss           0x000000000000c000        0x0 atags.o
 .bss           0x000000000000c000        0x0 boot.o
 .bss           0x000000000000c000        0x4 interrupts.o
 .bss           0x000000000000c004        0x0 console_io.o
 *fill*         0x000000000000c004        0x4 
 .bss           0x000000000000c008        0x8 gpio.o
 .bss           0x000000000000c010        0x0 led.o
 .bss           0x000000000000c010        0x0 printk.o
 .bss           0x000000000000c010        0x0 serial.o
 .bss           0x000000000000c010        0x0 string.o
 .bss           0x000000000000c010        0x0 syscalls.o
 .bss           0x000000000000c010        0x4 timer.o
                0x000000000000c010                tick_counter
 .bss           0x000000000000c014        0x0 ./user/shell.o
 .bss           0x000000000000c014        0x0 ./user/vlibc.o
                0x000000000000d000                . = ALIGN (0x1000)
                0x000000000000d000                __bss_end = .
                0x000000000000d000                __end = .
LOAD kernel_main.o
LOAD atags.o
LOAD boot.o
LOAD interrupts.o
LOAD console_io.o
LOAD gpio.o
LOAD led.o
LOAD printk.o
LOAD serial.o
LOAD string.o
LOAD syscalls.o
LOAD timer.o
LOAD ./user/shell.o
LOAD ./user/vlibc.o
OUTPUT(kernel.elf elf32-littlearm)

.comment        0x0000000000000000       0x1f
 .comment       0x0000000000000000       0x1f kernel_main.o
                                         0x20 (size before relaxing)
 .comment       0x0000000000000000       0x20 atags.o
 .comment       0x0000000000000000       0x20 interrupts.o
 .comment       0x0000000000000000       0x20 console_io.o
 .comment       0x0000000000000000       0x20 gpio.o
 .comment       0x0000000000000000       0x20 led.o
 .comment       0x0000000000000000       0x20 printk.o
 .comment       0x0000000000000000       0x20 serial.o
 .comment       0x0000000000000000       0x20 string.o
 .comment       0x0000000000000000       0x20 syscalls.o
 .comment       0x0000000000000000       0x20 timer.o
 .comment       0x0000000000000000       0x20 ./user/shell.o
 .comment       0x0000000000000000       0x20 ./user/vlibc.o

.ARM.attributes
                0x0000000000000000       0x36
 .ARM.attributes
                0x0000000000000000       0x38 kernel_main.o
 .ARM.attributes
                0x0000000000000038       0x38 atags.o
 .ARM.attributes
                0x0000000000000070       0x26 boot.o
 .ARM.attributes
                0x0000000000000096       0x38 interrupts.o
 .ARM.attributes
                0x00000000000000ce       0x38 console_io.o
 .ARM.attributes
                0x0000000000000106       0x38 gpio.o
 .ARM.attributes
                0x000000000000013e       0x38 led.o
 .ARM.attributes
                0x0000000000000176       0x38 printk.o
 .ARM.attributes
                0x00000000000001ae       0x38 serial.o
 .ARM.attributes
                0x00000000000001e6       0x38 string.o
 .ARM.attributes
                0x000000000000021e       0x38 syscalls.o
 .ARM.attributes
                0x0000000000000256       0x38 timer.o
 .ARM.attributes
                0x000000000000028e       0x38 ./user/shell.o
 .ARM.attributes
                0x00000000000002c6       0x38 ./user/vlibc.o
