
Memory Configuration

Name             Origin             Length             Attributes
*default*        0x0000000000000000 0xffffffffffffffff

Linker script and memory map

                0x0000000000008000                . = 0x8000
                0x0000000000008000                __start = .
                0x0000000000008000                __text_start = .

.text           0x0000000000008000     0x15a0
 *(.text.boot)
 .text.boot     0x0000000000008000       0xcc boot.o
                0x0000000000008000                _start
 *(.text)
 .text          0x00000000000080cc      0x18c kernel_main.o
                0x00000000000080cc                kernel_main
 .text          0x0000000000008258      0x4ec atags.o
                0x000000000000836c                atags_dump
                0x0000000000008554                atags_detect
 .text          0x0000000000008744        0x0 boot.o
 .text          0x0000000000008744       0xe8 interrupts.o
                0x0000000000008744                interrupt_handler
                0x00000000000087c8                undefined_handler
                0x00000000000087dc                prefetch_handler
                0x00000000000087f0                data_handler
                0x0000000000008804                fiq_handler
                0x0000000000008818                reset_error
 .text          0x000000000000882c       0x54 console_io.o
                0x000000000000882c                console_write
                0x0000000000008830                console_read
 .text          0x0000000000008880      0x3bc gpio.o
                0x0000000000008880                gpio_request
                0x0000000000008934                gpio_free
                0x00000000000089a0                gpio_direction_input
                0x0000000000008a10                gpio_direction_output
                0x0000000000008a80                gpio_to_irq
                0x0000000000008a88                gpio_get_value
                0x0000000000008ae8                gpio_set_value
                0x0000000000008b80                gpio_set_falling
                0x0000000000008be0                gpio_clear_interrupt
 .text          0x0000000000008c3c       0xa8 led.o
                0x0000000000008c3c                led_init
                0x0000000000008c98                led_on
                0x0000000000008cc0                led_off
 .text          0x0000000000008ce4      0x198 printk.o
                0x0000000000008ce4                printk
 .text          0x0000000000008e7c      0x188 serial.o
                0x0000000000008e7c                uart_init
                0x0000000000008f1c                uart_putc
                0x0000000000008f40                uart_getc
                0x0000000000008f68                uart_getc_noblock
                0x0000000000008f98                uart_write
 .text          0x0000000000009004      0x1b8 string.o
                0x0000000000009004                strncmp
                0x0000000000009064                memcmp
                0x00000000000090c4                memcpy
                0x00000000000090ec                strncpy
                0x0000000000009144                strlen
                0x0000000000009174                memset
                0x0000000000009198                memset32
 .text          0x00000000000091bc       0xf8 syscalls.o
                0x00000000000091bc                swi_handler
 .text          0x00000000000092b4       0x48 timer.o
                0x00000000000092b4                timer_init
 .text          0x00000000000092fc       0x84 ./user/shell.o
                0x00000000000092fc                shell
 .text          0x0000000000009380      0x220 ./user/vlibc.o
                0x0000000000009380                write
                0x000000000000939c                putchar
                0x00000000000093d0                getchar
                0x0000000000009404                printf

.glue_7         0x00000000000095a0        0x0
 .glue_7        0x0000000000000000        0x0 linker stubs

.glue_7t        0x00000000000095a0        0x0
 .glue_7t       0x0000000000000000        0x0 linker stubs

.vfp11_veneer   0x00000000000095a0        0x0
 .vfp11_veneer  0x0000000000000000        0x0 linker stubs

.v4_bx          0x00000000000095a0        0x0
 .v4_bx         0x0000000000000000        0x0 linker stubs

.iplt           0x00000000000095a0        0x0
 .iplt          0x0000000000000000        0x0 kernel_main.o
                0x000000000000a000                . = ALIGN (0x1000)
                0x000000000000a000                __text_end = .
                0x000000000000a000                __rodata_start = .

.rodata
 *(.rodata)

.rodata.str1.4  0x000000000000a000      0x4a8
 .rodata.str1.4
                0x000000000000a000       0xcc kernel_main.o
 .rodata.str1.4
                0x000000000000a0cc      0x1fd atags.o
                                        0x204 (size before relaxing)
 *fill*         0x000000000000a2c9        0x3 
 .rodata.str1.4
                0x000000000000a2cc       0x76 interrupts.o
                                         0x78 (size before relaxing)
 *fill*         0x000000000000a342        0x2 
 .rodata.str1.4
                0x000000000000a344       0x7b gpio.o
                                         0x7c (size before relaxing)
 *fill*         0x000000000000a3bf        0x1 
 .rodata.str1.4
                0x000000000000a3c0       0x2a led.o
                                         0x2c (size before relaxing)
 *fill*         0x000000000000a3ea        0x2 
 .rodata.str1.4
                0x000000000000a3ec       0x8c syscalls.o
 .rodata.str1.4
                0x000000000000a478       0x30 ./user/shell.o
                                         0x34 (size before relaxing)

.rel.dyn        0x000000000000a4a8        0x0
 .rel.iplt      0x0000000000000000        0x0 kernel_main.o
                0x000000000000b000                . = ALIGN (0x1000)
                0x000000000000b000                __rodata_end = .
                0x000000000000b000                __data_start = .

.data           0x000000000000b000       0x10
 *(.data)
 .data          0x000000000000b000        0x4 kernel_main.o
                0x000000000000b000                hardware_type
 .data          0x000000000000b004        0x0 atags.o
 .data          0x000000000000b004        0x0 boot.o
 .data          0x000000000000b004        0x4 interrupts.o
                0x000000000000b004                blinking_enabled
 .data          0x000000000000b008        0x0 console_io.o
 .data          0x000000000000b008        0x0 gpio.o
 .data          0x000000000000b008        0x8 led.o
 .data          0x000000000000b010        0x0 printk.o
 .data          0x000000000000b010        0x0 serial.o
 .data          0x000000000000b010        0x0 string.o
 .data          0x000000000000b010        0x0 syscalls.o
 .data          0x000000000000b010        0x0 timer.o
 .data          0x000000000000b010        0x0 ./user/shell.o
 .data          0x000000000000b010        0x0 ./user/vlibc.o

.igot.plt       0x000000000000b010        0x0
 .igot.plt      0x0000000000000000        0x0 kernel_main.o
                0x000000000000c000                . = ALIGN (0x1000)
                0x000000000000c000                __data_end = .
                0x000000000000c000                __bss_start = .

.bss            0x000000000000c000       0x14
                0x000000000000c000                bss = .
 *(.bss)
 .bss           0x000000000000c000        0x0 kernel_main.o
 .bss           0x000000000000c000        0x0 atags.o
 .bss           0x000000000000c000        0x0 boot.o
 .bss           0x000000000000c000        0x4 interrupts.o
 .bss           0x000000000000c004        0x0 console_io.o
 *fill*         0x000000000000c004        0x4 
 .bss           0x000000000000c008        0x8 gpio.o
 .bss           0x000000000000c010        0x0 led.o
 .bss           0x000000000000c010        0x0 printk.o
 .bss           0x000000000000c010        0x0 serial.o
 .bss           0x000000000000c010        0x0 string.o
 .bss           0x000000000000c010        0x0 syscalls.o
 .bss           0x000000000000c010        0x4 timer.o
                0x000000000000c010                tick_counter
 .bss           0x000000000000c014        0x0 ./user/shell.o
 .bss           0x000000000000c014        0x0 ./user/vlibc.o
                0x000000000000d000                . = ALIGN (0x1000)
                0x000000000000d000                __bss_end = .
                0x000000000000d000                __end = .
LOAD kernel_main.o
LOAD atags.o
LOAD boot.o
LOAD interrupts.o
LOAD console_io.o
LOAD gpio.o
LOAD led.o
LOAD printk.o
LOAD serial.o
LOAD string.o
LOAD syscalls.o
LOAD timer.o
LOAD ./user/shell.o
LOAD ./user/vlibc.o
OUTPUT(kernel.elf elf32-littlearm)

.comment        0x0000000000000000       0x1f
 .comment       0x0000000000000000       0x1f kernel_main.o
                                         0x20 (size before relaxing)
 .comment       0x0000000000000000       0x20 atags.o
 .comment       0x0000000000000000       0x20 interrupts.o
 .comment       0x0000000000000000       0x20 console_io.o
 .comment       0x0000000000000000       0x20 gpio.o
 .comment       0x0000000000000000       0x20 led.o
 .comment       0x0000000000000000       0x20 printk.o
 .comment       0x0000000000000000       0x20 serial.o
 .comment       0x0000000000000000       0x20 string.o
 .comment       0x0000000000000000       0x20 syscalls.o
 .comment       0x0000000000000000       0x20 timer.o
 .comment       0x0000000000000000       0x20 ./user/shell.o
 .comment       0x0000000000000000       0x20 ./user/vlibc.o

.ARM.attributes
                0x0000000000000000       0x36
 .ARM.attributes
                0x0000000000000000       0x38 kernel_main.o
 .ARM.attributes
                0x0000000000000038       0x38 atags.o
 .ARM.attributes
                0x0000000000000070       0x26 boot.o
 .ARM.attributes
                0x0000000000000096       0x38 interrupts.o
 .ARM.attributes
                0x00000000000000ce       0x38 console_io.o
 .ARM.attributes
                0x0000000000000106       0x38 gpio.o
 .ARM.attributes
                0x000000000000013e       0x38 led.o
 .ARM.attributes
                0x0000000000000176       0x38 printk.o
 .ARM.attributes
                0x00000000000001ae       0x38 serial.o
 .ARM.attributes
                0x00000000000001e6       0x38 string.o
 .ARM.attributes
                0x000000000000021e       0x38 syscalls.o
 .ARM.attributes
                0x0000000000000256       0x38 timer.o
 .ARM.attributes
                0x000000000000028e       0x38 ./user/shell.o
 .ARM.attributes
                0x00000000000002c6       0x38 ./user/vlibc.o
